
> lysandra-v14@0.1.0 build
> next build

  Γû▓ Next.js 14.2.21

   Creating an optimized production build ...
 Γ£ô Compiled successfully
   Linting and checking validity of types ...
node.exe : 
En línea: 1 Carácter: 1
+ & "C:\Program Files\nodejs/node.exe" "C:\Program 
Files\nodejs/node_mo ...
+ ~~~~~~~~~~~~~~~~~~~~~~~~~~~~~~~~~~~~~~~~~~~~~~~~~~~
~~~~~~~~~~~~~~~~~~
    + CategoryInfo          : NotSpecified: (:String 
   ) [], RemoteException
    + FullyQualifiedErrorId : NativeCommandError
 
Failed to compile.

./src/app/api/webhook/route.ts
60:13  Error: 'result' is never reassigned. Use 
'const' instead.  prefer-const
98:21  Error: Unexpected any. Specify a different 
type.  @typescript-eslint/no-explicit-any

./src/app/dashboard/page.tsx
17:12  Error: Unexpected any. Specify a different 
type.  @typescript-eslint/no-explicit-any

./src/lib/gemini.ts
1:36  Error: 'GenerateContentRequest' is defined but 
never used.  @typescript-eslint/no-unused-vars
34:22  Error: Unexpected any. Specify a different 
type.  @typescript-eslint/no-explicit-any
56:22  Error: Unexpected any. Specify a different 
type.  @typescript-eslint/no-explicit-any
63:75  Error: Unexpected any. Specify a different 
type.  @typescript-eslint/no-explicit-any

./src/scripts/list-models-fetch.ts
1:10  Error: 'GoogleGenerativeAI' is defined but 
never used.  @typescript-eslint/no-unused-vars
16:37  Error: Unexpected any. Specify a different 
type.  @typescript-eslint/no-explicit-any
20:19  Error: Unexpected any. Specify a different 
type.  @typescript-eslint/no-explicit-any

./src/scripts/test-final.ts
25:19  Error: Unexpected any. Specify a different 
type.  @typescript-eslint/no-explicit-any

./src/scripts/test-firebase.ts
28:19  Error: Unexpected any. Specify a different 
type.  @typescript-eslint/no-explicit-any

./src/scripts/test-flash-latest.ts
17:19  Error: Unexpected any. Specify a different 
type.  @typescript-eslint/no-explicit-any

./src/scripts/test-flash-simple.ts
17:19  Error: Unexpected any. Specify a different 
type.  @typescript-eslint/no-explicit-any

./src/scripts/test-gemini.ts
37:21  Error: Unexpected any. Specify a different 
type.  @typescript-eslint/no-explicit-any

./src/scripts/test-models.ts
18:19  Error: Unexpected any. Specify a different 
type.  @typescript-eslint/no-explicit-any

./src/scripts/test-simple.ts
25:19  Error: Unexpected any. Specify a different 
type.  @typescript-eslint/no-explicit-any

info  - Need to disable some ESLint rules? Learn 
more here: https://nextjs.org/docs/basic-features/esl
int#disabling-rules
